Archive member included because of file (symbol)

c:/program files (x86)/atmel/atmel toolchain/avr8 gcc/native/3.4.1061/avr8-gnu-toolchain/bin/../lib/gcc/avr/4.8.1/../../../../avr/lib/avr6\libm.a(addsf3.o)
                              src/Print.o (__subsf3)
c:/program files (x86)/atmel/atmel toolchain/avr8 gcc/native/3.4.1061/avr8-gnu-toolchain/bin/../lib/gcc/avr/4.8.1/../../../../avr/lib/avr6\libm.a(addsf3x.o)
                              c:/program files (x86)/atmel/atmel toolchain/avr8 gcc/native/3.4.1061/avr8-gnu-toolchain/bin/../lib/gcc/avr/4.8.1/../../../../avr/lib/avr6\libm.a(addsf3.o) (__addsf3x)
c:/program files (x86)/atmel/atmel toolchain/avr8 gcc/native/3.4.1061/avr8-gnu-toolchain/bin/../lib/gcc/avr/4.8.1/../../../../avr/lib/avr6\libm.a(cmpsf2.o)
                              src/Print.o (__ltsf2)
c:/program files (x86)/atmel/atmel toolchain/avr8 gcc/native/3.4.1061/avr8-gnu-toolchain/bin/../lib/gcc/avr/4.8.1/../../../../avr/lib/avr6\libm.a(divsf3.o)
                              src/Print.o (__divsf3)
c:/program files (x86)/atmel/atmel toolchain/avr8 gcc/native/3.4.1061/avr8-gnu-toolchain/bin/../lib/gcc/avr/4.8.1/../../../../avr/lib/avr6\libm.a(divsf3x.o)
                              c:/program files (x86)/atmel/atmel toolchain/avr8 gcc/native/3.4.1061/avr8-gnu-toolchain/bin/../lib/gcc/avr/4.8.1/../../../../avr/lib/avr6\libm.a(divsf3.o) (__divsf3x)
c:/program files (x86)/atmel/atmel toolchain/avr8 gcc/native/3.4.1061/avr8-gnu-toolchain/bin/../lib/gcc/avr/4.8.1/../../../../avr/lib/avr6\libm.a(fixsfsi.o)
                              src/Print.o (__fixsfsi)
c:/program files (x86)/atmel/atmel toolchain/avr8 gcc/native/3.4.1061/avr8-gnu-toolchain/bin/../lib/gcc/avr/4.8.1/../../../../avr/lib/avr6\libm.a(fixunssfsi.o)
                              src/Print.o (__fixunssfsi)
c:/program files (x86)/atmel/atmel toolchain/avr8 gcc/native/3.4.1061/avr8-gnu-toolchain/bin/../lib/gcc/avr/4.8.1/../../../../avr/lib/avr6\libm.a(floatsisf.o)
                              src/Print.o (__floatunsisf)
c:/program files (x86)/atmel/atmel toolchain/avr8 gcc/native/3.4.1061/avr8-gnu-toolchain/bin/../lib/gcc/avr/4.8.1/../../../../avr/lib/avr6\libm.a(fp_cmp.o)
                              c:/program files (x86)/atmel/atmel toolchain/avr8 gcc/native/3.4.1061/avr8-gnu-toolchain/bin/../lib/gcc/avr/4.8.1/../../../../avr/lib/avr6\libm.a(cmpsf2.o) (__fp_cmp)
c:/program files (x86)/atmel/atmel toolchain/avr8 gcc/native/3.4.1061/avr8-gnu-toolchain/bin/../lib/gcc/avr/4.8.1/../../../../avr/lib/avr6\libm.a(fp_inf.o)
                              c:/program files (x86)/atmel/atmel toolchain/avr8 gcc/native/3.4.1061/avr8-gnu-toolchain/bin/../lib/gcc/avr/4.8.1/../../../../avr/lib/avr6\libm.a(addsf3x.o) (__fp_inf)
c:/program files (x86)/atmel/atmel toolchain/avr8 gcc/native/3.4.1061/avr8-gnu-toolchain/bin/../lib/gcc/avr/4.8.1/../../../../avr/lib/avr6\libm.a(fp_nan.o)
                              c:/program files (x86)/atmel/atmel toolchain/avr8 gcc/native/3.4.1061/avr8-gnu-toolchain/bin/../lib/gcc/avr/4.8.1/../../../../avr/lib/avr6\libm.a(addsf3x.o) (__fp_nan)
c:/program files (x86)/atmel/atmel toolchain/avr8 gcc/native/3.4.1061/avr8-gnu-toolchain/bin/../lib/gcc/avr/4.8.1/../../../../avr/lib/avr6\libm.a(fp_pscA.o)
                              c:/program files (x86)/atmel/atmel toolchain/avr8 gcc/native/3.4.1061/avr8-gnu-toolchain/bin/../lib/gcc/avr/4.8.1/../../../../avr/lib/avr6\libm.a(addsf3x.o) (__fp_pscA)
c:/program files (x86)/atmel/atmel toolchain/avr8 gcc/native/3.4.1061/avr8-gnu-toolchain/bin/../lib/gcc/avr/4.8.1/../../../../avr/lib/avr6\libm.a(fp_pscB.o)
                              c:/program files (x86)/atmel/atmel toolchain/avr8 gcc/native/3.4.1061/avr8-gnu-toolchain/bin/../lib/gcc/avr/4.8.1/../../../../avr/lib/avr6\libm.a(addsf3x.o) (__fp_pscB)
c:/program files (x86)/atmel/atmel toolchain/avr8 gcc/native/3.4.1061/avr8-gnu-toolchain/bin/../lib/gcc/avr/4.8.1/../../../../avr/lib/avr6\libm.a(fp_round.o)
                              c:/program files (x86)/atmel/atmel toolchain/avr8 gcc/native/3.4.1061/avr8-gnu-toolchain/bin/../lib/gcc/avr/4.8.1/../../../../avr/lib/avr6\libm.a(addsf3.o) (__fp_round)
c:/program files (x86)/atmel/atmel toolchain/avr8 gcc/native/3.4.1061/avr8-gnu-toolchain/bin/../lib/gcc/avr/4.8.1/../../../../avr/lib/avr6\libm.a(fp_split3.o)
                              c:/program files (x86)/atmel/atmel toolchain/avr8 gcc/native/3.4.1061/avr8-gnu-toolchain/bin/../lib/gcc/avr/4.8.1/../../../../avr/lib/avr6\libm.a(addsf3x.o) (__fp_split3)
c:/program files (x86)/atmel/atmel toolchain/avr8 gcc/native/3.4.1061/avr8-gnu-toolchain/bin/../lib/gcc/avr/4.8.1/../../../../avr/lib/avr6\libm.a(fp_zero.o)
                              c:/program files (x86)/atmel/atmel toolchain/avr8 gcc/native/3.4.1061/avr8-gnu-toolchain/bin/../lib/gcc/avr/4.8.1/../../../../avr/lib/avr6\libm.a(addsf3x.o) (__fp_zero)
[...]
Memory Configuration

Name             Origin             Length             Attributes
text             0x00000000         0x00100000         xr
data             0x00800200         0x0000fe00         rw !x
eeprom           0x00810000         0x00010000         rw !x
fuse             0x00820000         0x00000400         rw !x
lock             0x00830000         0x00000400         rw !x
signature        0x00840000         0x00000400         rw !x
user_signatures  0x00850000         0x00000400         rw !x
*default*        0x00000000         0xffffffff

Linker script and memory map

Address of section .data set to 0x800200
LOAD c:/program files (x86)/atmel/atmel toolchain/avr8 gcc/native/3.4.1061/avr8-gnu-toolchain/bin/../lib/gcc/avr/4.8.1/../../../../avr/lib/avr6/crtm2560.o
LOAD src/abi.o
LOAD src/CDC.o
LOAD src/HardwareSerial.o
LOAD src/HardwareSerial0.o
LOAD src/HardwareSerial1.o
LOAD src/HardwareSerial2.o
LOAD src/HardwareSerial3.o
LOAD src/HID.o
LOAD src/hooks.o
LOAD src/IPAddress.o
LOAD src/main.o
LOAD src/new.o
LOAD src/os_core/core/alarmClock.o
LOAD src/os_core/core/heap.o
LOAD src/os_core/core/kernelStart.o
LOAD src/os_core/core/osclock.o
LOAD src/os_core/cpuPorting/critialLib.o
LOAD src/os_core/cpuPorting/timerSetup.o
LOAD src/os_core/lib/queue.o
LOAD src/Print.o
LOAD src/Stream.o
LOAD src/test/testMain.o
LOAD src/Tone.o
LOAD src/USBCore.o
LOAD src/WInterrupts.o
LOAD src/wiring.o
LOAD src/wiring_analog.o
LOAD src/wiring_digital.o
LOAD src/wiring_pulse.o
LOAD src/wiring_shift.o
LOAD src/WMath.o
LOAD src/WString.o
START GROUP
LOAD c:/program files (x86)/atmel/atmel toolchain/avr8 gcc/native/3.4.1061/avr8-gnu-toolchain/bin/../lib/gcc/avr/4.8.1/../../../../avr/lib/avr6\libm.a
END GROUP
LOAD c:/program files (x86)/atmel/atmel toolchain/avr8 gcc/native/3.4.1061/avr8-gnu-toolchain/bin/../lib/gcc/avr/4.8.1/avr6\libgcc.a
LOAD c:/program files (x86)/atmel/atmel toolchain/avr8 gcc/native/3.4.1061/avr8-gnu-toolchain/bin/../lib/gcc/avr/4.8.1/../../../../avr/lib/avr6\libm.a
START GROUP
LOAD c:/program files (x86)/atmel/atmel toolchain/avr8 gcc/native/3.4.1061/avr8-gnu-toolchain/bin/../lib/gcc/avr/4.8.1/avr6\libgcc.a
LOAD c:/program files (x86)/atmel/atmel toolchain/avr8 gcc/native/3.4.1061/avr8-gnu-toolchain/bin/../lib/gcc/avr/4.8.1/../../../../avr/lib/avr6\libm.a
LOAD c:/program files (x86)/atmel/atmel toolchain/avr8 gcc/native/3.4.1061/avr8-gnu-toolchain/bin/../lib/gcc/avr/4.8.1/../../../../avr/lib/avr6\libc.a
END GROUP

.hash
 *(.hash)

.dynsym
 *(.dynsym)

.dynstr
 *(.dynstr)

.gnu.version
 *(.gnu.version)

.gnu.version_d
 *(.gnu.version_d)

.gnu.version_r
 *(.gnu.version_r)

.rel.init
 *(.rel.init)

.rela.init
 *(.rela.init)

.rel.text
 *(.rel.text)
 *(.rel.text.*)
 *(.rel.gnu.linkonce.t*)

.rela.text
 *(.rela.text)
 *(.rela.text.*)
 *(.rela.gnu.linkonce.t*)

.rel.fini
 *(.rel.fini)

.rela.fini
 *(.rela.fini)

.rel.rodata
 *(.rel.rodata)
 *(.rel.rodata.*)
 *(.rel.gnu.linkonce.r*)

.rela.rodata
 *(.rela.rodata)
 *(.rela.rodata.*)
 *(.rela.gnu.linkonce.r*)

.rel.data
 *(.rel.data)
 *(.rel.data.*)
 *(.rel.gnu.linkonce.d*)

.rela.data
 *(.rela.data)
 *(.rela.data.*)
 *(.rela.gnu.linkonce.d*)

.rel.ctors
 *(.rel.ctors)

.rela.ctors
 *(.rela.ctors)

.rel.dtors
 *(.rel.dtors)

.rela.dtors
 *(.rela.dtors)

.rel.got
 *(.rel.got)

.rela.got
 *(.rela.got)

.rel.bss
 *(.rel.bss)

.rela.bss
 *(.rela.bss)

.rel.plt
 *(.rel.plt)

.rela.plt
 *(.rela.plt)

.text           0x00000000     0x2ae4
 *(.vectors)
 .vectors       0x00000000       0xe4 c:/program files (x86)/atmel/atmel toolchain/avr8 gcc/native/3.4.1061/avr8-gnu-toolchain/bin/../lib/gcc/avr/4.8.1/../../../../avr/lib/avr6/crtm2560.o
                0x00000000                __vector_default
                0x00000000                __vectors
 *(.vectors)
 *(.progmem.gcc*)
 .progmem.gcc_sw_table.turnOffPWM
                0x000000e4       0x24 src/wiring_digital.o
                0x00000108                . = ALIGN (0x2)
                0x00000108                __trampolines_start = .
 *(.trampolines)
 .trampolines   0x00000108        0x0 linker stubs
 *(.trampolines*)
                0x00000108                __trampolines_end = .
 *(.progmem*)
 .progmem.data._ZL21tone_pin_to_timer_PGM
                0x00000108        0x1 src/Tone.o
 .progmem.data.port_to_output_PGM
                0x00000109       0x1a src/wiring_digital.o
                0x00000109                port_to_output_PGM
 .progmem.data.digital_pin_to_port_PGM
                0x00000123       0x46 src/wiring_digital.o
                0x00000123                digital_pin_to_port_PGM
 .progmem.data.digital_pin_to_bit_mask_PGM
                0x00000169       0x46 src/wiring_digital.o
                0x00000169                digital_pin_to_bit_mask_PGM
 .progmem.data.digital_pin_to_timer_PGM
                0x000001af       0x46 src/wiring_digital.o
                0x000001af                digital_pin_to_timer_PGM
                0x000001f6                . = ALIGN (0x2)
 *fill*         0x000001f5        0x1 
 *(.jumptables)
 *(.jumptables*)
 *(.lowtext)
 *(.lowtext*)
                0x000001f6                __ctors_start = .
 *(.ctors)
 .ctors         0x000001f6        0x2 src/HardwareSerial0.o
 .ctors         0x000001f8        0x2 src/HardwareSerial1.o
 .ctors         0x000001fa        0x2 src/HardwareSerial2.o
 .ctors         0x000001fc        0x2 src/HardwareSerial3.o
 .ctors         0x000001fe        0x2 src/IPAddress.o
                0x00000200                __ctors_end = .
                0x00000200                __dtors_start = .
 *(.dtors)
                0x00000200                __dtors_end = .
 SORT(*)(.ctors)
 SORT(*)(.dtors)
 *(.init0)
 .init0         0x00000200        0x0 c:/program files (x86)/atmel/atmel toolchain/avr8 gcc/native/3.4.1061/avr8-gnu-toolchain/bin/../lib/gcc/avr/4.8.1/../../../../avr/lib/avr6/crtm2560.o
                0x00000200                __init
 *(.init0)
 *(.init1)
 *(.init1)
 *(.init2)
 .init2         0x00000200       0x10 c:/program files (x86)/atmel/atmel toolchain/avr8 gcc/native/3.4.1061/avr8-gnu-toolchain/bin/../lib/gcc/avr/4.8.1/../../../../avr/lib/avr6/crtm2560.o
 *(.init2)
 *(.init3)
 *(.init3)
 *(.init4)
 .init4         0x00000210       0x1a c:/program files (x86)/atmel/atmel toolchain/avr8 gcc/native/3.4.1061/avr8-gnu-toolchain/bin/../lib/gcc/avr/4.8.1/avr6\libgcc.a(_copy_data.o)
                0x00000210                __do_copy_data
 .init4         0x0000022a       0x10 c:/program files (x86)/atmel/atmel toolchain/avr8 gcc/native/3.4.1061/avr8-gnu-toolchain/bin/../lib/gcc/avr/4.8.1/avr6\libgcc.a(_clear_bss.o)
                0x0000022a                __do_clear_bss
 *(.init4)
 *(.init5)
 *(.init5)
 *(.init6)
 .init6         0x0000023a       0x20 c:/program files (x86)/atmel/atmel toolchain/avr8 gcc/native/3.4.1061/avr8-gnu-toolchain/bin/../lib/gcc/avr/4.8.1/avr6\libgcc.a(_ctors.o)
                0x0000023a                __do_global_ctors
 *(.init6)
 *(.init7)
 *(.init7)
 *(.init8)
 *(.init8)
 *(.init9)
 .init9         0x0000025a        0x6 c:/program files (x86)/atmel/atmel toolchain/avr8 gcc/native/3.4.1061/avr8-gnu-toolchain/bin/../lib/gcc/avr/4.8.1/../../../../avr/lib/avr6/crtm2560.o
 *(.init9)
 *(.text)
 .text          0x00000260        0x2 c:/program files (x86)/atmel/atmel toolchain/avr8 gcc/native/3.4.1061/avr8-gnu-toolchain/bin/../lib/gcc/avr/4.8.1/../../../../avr/lib/avr6/crtm2560.o
                0x00000260                __vector_38
                0x00000260                __vector_22
                0x00000260                __vector_28
                0x00000260                __vector_32
                0x00000260                __vector_34
                0x00000260                __vector_24
                0x00000260                __vector_12
                0x00000260                __vector_46
                0x00000260                __bad_interrupt
                0x00000260                __vector_31
                0x00000260                __vector_35
                0x00000260                __vector_39
                0x00000260                __vector_30
                0x00000260                __vector_45
                0x00000260                __vector_11
                0x00000260                __vector_17
                0x00000260                __vector_19
                0x00000260                __vector_56
                0x00000260                __vector_49
                0x00000260                __vector_41
                0x00000260                __vector_43
                0x00000260                __vector_27
                0x00000260                __vector_33
                0x00000260                __vector_44
                0x00000260                __vector_9
                0x00000260                __vector_21
                0x00000260                __vector_15
                0x00000260                __vector_29
                0x00000260                __vector_40
                0x00000260                __vector_48
                0x00000260                __vector_14
                0x00000260                __vector_53
                0x00000260                __vector_10
                0x00000260                __vector_50
                0x00000260                __vector_16
                0x00000260                __vector_18
                0x00000260                __vector_20
                0x00000260                __vector_42
                0x00000262                . = ALIGN (0x2)
 *(.text.*)
 .text.__cxa_pure_virtual
                0x00000262        0xc src/abi.o
                0x00000262                __cxa_pure_virtual
 .text._Z14serialEventRunv
                0x0000026e       0x9e src/HardwareSerial.o
                0x0000026e                _Z14serialEventRunv
 .text._ZN14HardwareSerial17_tx_udr_empty_irqEv
                0x0000030c       0xc8 src/HardwareSerial.o
                0x0000030c                _ZN14HardwareSerial17_tx_udr_empty_irqEv
 .text._ZN14HardwareSerial9availableEv
                0x000003d4       0x44 src/HardwareSerial.o
                0x000003d4                _ZN14HardwareSerial9availableEv
 .text._ZN14HardwareSerial4peekEv
                0x00000418       0x5a src/HardwareSerial.o
                0x00000418                _ZN14HardwareSerial4peekEv
 .text._ZN14HardwareSerial4readEv
                0x00000472       0x74 src/HardwareSerial.o
                0x00000472                _ZN14HardwareSerial4readEv
 .text._ZN14HardwareSerial5flushEv
                0x000004e6       0xc6 src/HardwareSerial.o
                0x000004e6                _ZN14HardwareSerial5flushEv
 .text._ZN14HardwareSerial5writeEh
                0x000005ac      0x154 src/HardwareSerial.o
                0x000005ac                _ZN14HardwareSerial5writeEh
 .text._ZN5PrintC2Ev
                0x00000700       0x32 src/HardwareSerial0.o
                0x00000700                _ZN5PrintC2Ev
                0x00000700                _ZN5PrintC1Ev
 .text._ZN6StreamC2Ev
                0x00000732       0x44 src/HardwareSerial0.o
                0x00000732                _ZN6StreamC1Ev
                0x00000732                _ZN6StreamC2Ev
 .text._ZN14HardwareSerialC2EPVhS1_S1_S1_S1_S1_
                0x00000776       0xe2 src/HardwareSerial0.o
                0x00000776                _ZN14HardwareSerialC2EPVhS1_S1_S1_S1_S1_
                0x00000776                _ZN14HardwareSerialC1EPVhS1_S1_S1_S1_S1_
 .text._ZN14HardwareSerial16_rx_complete_irqEv
                0x00000858       0xaa src/HardwareSerial0.o
                0x00000858                _ZN14HardwareSerial16_rx_complete_irqEv
 .text.__vector_25
                0x00000902       0x66 src/HardwareSerial0.o
                0x00000902                __vector_25
 .text.__vector_26
                0x00000968       0x66 src/HardwareSerial0.o
                0x00000968                __vector_26
 .text._Z17Serial0_availablev
                0x000009ce       0x1e src/HardwareSerial0.o
                0x000009ce                _Z17Serial0_availablev
 .text._Z41__static_initialization_and_destruction_0ii
                0x000009ec       0x7a src/HardwareSerial0.o
 .text._GLOBAL__sub_I___vector_25
                0x00000a66       0x18 src/HardwareSerial0.o
 .text.__vector_36
                0x00000a7e       0x66 src/HardwareSerial1.o
                0x00000a7e                __vector_36
 .text.__vector_37
                0x00000ae4       0x66 src/HardwareSerial1.o
                0x00000ae4                __vector_37
 .text._Z17Serial1_availablev
                0x00000b4a       0x1e src/HardwareSerial1.o
                0x00000b4a                _Z17Serial1_availablev
 .text._Z41__static_initialization_and_destruction_0ii
                0x00000b68       0x7a src/HardwareSerial1.o
 .text._GLOBAL__sub_I___vector_36
                0x00000be2       0x18 src/HardwareSerial1.o
 .text.__vector_51
                0x00000bfa       0x66 src/HardwareSerial2.o
                0x00000bfa                __vector_51
 .text.__vector_52
                0x00000c60       0x66 src/HardwareSerial2.o
                0x00000c60                __vector_52
 .text._Z17Serial2_availablev
                0x00000cc6       0x1e src/HardwareSerial2.o
                0x00000cc6                _Z17Serial2_availablev
 .text._Z41__static_initialization_and_destruction_0ii
                0x00000ce4       0x7a src/HardwareSerial2.o
 .text._GLOBAL__sub_I___vector_51
                0x00000d5e       0x18 src/HardwareSerial2.o
 .text.__vector_54
                0x00000d76       0x66 src/HardwareSerial3.o
                0x00000d76                __vector_54
 .text.__vector_55
                0x00000ddc       0x66 src/HardwareSerial3.o
                0x00000ddc                __vector_55
 .text._Z17Serial3_availablev
                0x00000e42       0x1e src/HardwareSerial3.o
                0x00000e42                _Z17Serial3_availablev
 .text._Z41__static_initialization_and_destruction_0ii
                0x00000e60       0x7e src/HardwareSerial3.o
 .text._GLOBAL__sub_I___vector_54
                0x00000ede       0x18 src/HardwareSerial3.o
 .text._ZN9PrintableC2Ev
                0x00000ef6       0x28 src/IPAddress.o
                0x00000ef6                _ZN9PrintableC1Ev
                0x00000ef6                _ZN9PrintableC2Ev
 .text._ZN9IPAddressC2Ehhhh
                0x00000f1e       0x6a src/IPAddress.o
                0x00000f1e                _ZN9IPAddressC2Ehhhh
                0x00000f1e                _ZN9IPAddressC1Ehhhh
 .text._ZNK9IPAddress7printToER5Print
                0x00000f88       0xae src/IPAddress.o
                0x00000f88                _ZNK9IPAddress7printToER5Print
 .text._Z41__static_initialization_and_destruction_0ii
                0x00001036       0x4a src/IPAddress.o
 .text._GLOBAL__sub_I__ZN9IPAddressC2Ev
                0x00001080       0x18 src/IPAddress.o
 .text.initVariant
                0x00001098        0xe src/main.o
                0x00001098                initVariant
 .text.main     0x000010a6       0x20 src/main.o
                0x000010a6                main
 .text.vAlarmClock_Init
                0x000010c6      0x11a src/os_core/core/alarmClock.o
                0x000010c6                vAlarmClock_Init
 .text.ucAlarmClock_Start
                0x000011e0      0x114 src/os_core/core/alarmClock.o
                0x000011e0                ucAlarmClock_Start
 .text.vAlarmClock_Check
                0x000012f4       0xfe src/os_core/core/alarmClock.o
                0x000012f4                vAlarmClock_Check
 .text.vInsert_Block_Into_Heap
                0x000013f2       0x9c src/os_core/core/heap.o
 .text.vHeap_Init
                0x0000148e       0x4a src/os_core/core/heap.o
 .text.pvMalloc
                0x000014d8      0x132 src/os_core/core/heap.o
                0x000014d8                pvMalloc
 .text.vSystem_Queue_Initial
                0x0000160a       0x14 src/os_core/core/kernelStart.o
 .text.vKernel_Initial
                0x0000161e       0x14 src/os_core/core/kernelStart.o
                0x0000161e                vKernel_Initial
 .text.pxGet_Current_Tick
                0x00001632       0x12 src/os_core/core/osclock.o
                0x00001632                pxGet_Current_Tick
 .text.vTick_Inc
                0x00001644       0xcc src/os_core/core/osclock.o
                0x00001644                vTick_Inc
 .text.scCompare_Tick
                0x00001710      0x102 src/os_core/core/osclock.o
                0x00001710                scCompare_Tick
 .text.vOsTick_Init
                0x00001812       0x30 src/os_core/core/osclock.o
                0x00001812                vOsTick_Init
 .text.vDisable_Interrupts
                0x00001842       0x10 src/os_core/cpuPorting/critialLib.o
                0x00001842                vDisable_Interrupts
 .text.vEnable_Interrupts
                0x00001852       0x10 src/os_core/cpuPorting/critialLib.o
                0x00001852                vEnable_Interrupts
 .text.ucEnter_Critical
                0x00001862       0x20 src/os_core/cpuPorting/critialLib.o
                0x00001862                ucEnter_Critical
 .text.vExit_Critical
                0x00001882       0x1e src/os_core/cpuPorting/critialLib.o
                0x00001882                vExit_Critical
 .text.__vector_47
                0x000018a0       0x74 src/os_core/cpuPorting/timerSetup.o
                0x000018a0                __vector_47
 .text.vOsTimer_Hardware_Setup
                0x00001914       0xb2 src/os_core/cpuPorting/timerSetup.o
                0x00001914                vOsTimer_Hardware_Setup
 .text.vQueue_Init
                0x000019c6       0x36 src/os_core/lib/queue.o
                0x000019c6                vQueue_Init
 .text.pxQueue_Head_Node
                0x000019fc       0x1e src/os_core/lib/queue.o
                0x000019fc                pxQueue_Head_Node
 .text.pxQueue_First_Node
                0x00001a1a       0x24 src/os_core/lib/queue.o
                0x00001a1a                pxQueue_First_Node
 .text.pxQueue_Last_Node
                0x00001a3e       0x24 src/os_core/lib/queue.o
                0x00001a3e                pxQueue_Last_Node
 .text.vQueue_Append_Node
                0x00001a62       0x68 src/os_core/lib/queue.o
                0x00001a62                vQueue_Append_Node
 .text.vNode_Remove
                0x00001aca       0x7c src/os_core/lib/queue.o
                0x00001aca                vNode_Remove
 .text.vNode_Insert
                0x00001b46       0x66 src/os_core/lib/queue.o
                0x00001b46                vNode_Insert
 .text._ZN5Print5writeEPKc
                0x00001bac       0x60 src/Print.o
                0x00001bac                _ZN5Print5writeEPKc
 .text._ZN5Print5writeEPKhj
                0x00001c0c       0x8e src/Print.o
                0x00001c0c                _ZN5Print5writeEPKhj
 .text._ZN5Print5printEc
                0x00001c9a       0x36 src/Print.o
                0x00001c9a                _ZN5Print5printEc
 .text._ZN5Print5printEhi
                0x00001cd0       0x42 src/Print.o
                0x00001cd0                _ZN5Print5printEhi
 .text._ZN5Print5printEmi
                0x00001d12       0x72 src/Print.o
                0x00001d12                _ZN5Print5printEmi
 .text._ZN5Print11printNumberEmh
                0x00001d84       0xe4 src/Print.o
                0x00001d84                _ZN5Print11printNumberEmh
 .text.alarmTimeOut
                0x00001e68       0x2c src/test/testMain.o
                0x00001e68                alarmTimeOut
 .text.setup    0x00001e94       0xb0 src/test/testMain.o
                0x00001e94                setup
 .text.loop     0x00001f44        0xe src/test/testMain.o
                0x00001f44                loop
 .text._Z12disableTimerh
                0x00001f52       0xbc src/Tone.o
                0x00001f52                _Z12disableTimerh
 .text._Z6noToneh
                0x0000200e       0x8a src/Tone.o
                0x0000200e                _Z6noToneh
 .text.__vector_13
                0x00002098       0xee src/Tone.o
                0x00002098                __vector_13
 .text.__vector_1
                0x00002186       0x78 src/WInterrupts.o
                0x00002186                __vector_1
 .text.__vector_2
                0x000021fe       0x78 src/WInterrupts.o
                0x000021fe                __vector_2
 .text.__vector_3
                0x00002276       0x78 src/WInterrupts.o
                0x00002276                __vector_3
 .text.__vector_4
                0x000022ee       0x78 src/WInterrupts.o
                0x000022ee                __vector_4
 .text.__vector_5
                0x00002366       0x78 src/WInterrupts.o
                0x00002366                __vector_5
 .text.__vector_6
                0x000023de       0x78 src/WInterrupts.o
                0x000023de                __vector_6
 .text.__vector_7
                0x00002456       0x78 src/WInterrupts.o
                0x00002456                __vector_7
 .text.__vector_8
                0x000024ce       0x78 src/WInterrupts.o
                0x000024ce                __vector_8
 .text.__vector_23
                0x00002546       0xe4 src/wiring.o
                0x00002546                __vector_23
 .text.init     0x0000262a      0x1ac src/wiring.o
                0x0000262a                init
 .text.turnOffPWM
                0x000027d6      0x17e src/wiring_digital.o
 .text.digitalWrite
                0x00002954      0x10c src/wiring_digital.o
                0x00002954                digitalWrite
 .text.libgcc.div
                0x00002a60       0x44 c:/program files (x86)/atmel/atmel toolchain/avr8 gcc/native/3.4.1061/avr8-gnu-toolchain/bin/../lib/gcc/avr/4.8.1/avr6\libgcc.a(_udivmodsi4.o)
                0x00002a60                __udivmodsi4
 .text.libgcc   0x00002aa4        0xc c:/program files (x86)/atmel/atmel toolchain/avr8 gcc/native/3.4.1061/avr8-gnu-toolchain/bin/../lib/gcc/avr/4.8.1/avr6\libgcc.a(_tablejump.o)
                0x00002aa4                __tablejump2__
                0x00002aa8                __tablejump__
 .text.libgcc   0x00002ab0        0x8 c:/program files (x86)/atmel/atmel toolchain/avr8 gcc/native/3.4.1061/avr8-gnu-toolchain/bin/../lib/gcc/avr/4.8.1/avr6\libgcc.a(_tablejump_elpm.o)
                0x00002ab0                __tablejump_elpm__
 .text.avr-libc
                0x00002ab8        0x8 c:/program files (x86)/atmel/atmel toolchain/avr8 gcc/native/3.4.1061/avr8-gnu-toolchain/bin/../lib/gcc/avr/4.8.1/../../../../avr/lib/avr6\libc.a(abort.o)
                0x00002ab8                abort
 .text.avr-libc
                0x00002ac0        0xe c:/program files (x86)/atmel/atmel toolchain/avr8 gcc/native/3.4.1061/avr8-gnu-toolchain/bin/../lib/gcc/avr/4.8.1/../../../../avr/lib/avr6\libc.a(strcpy.o)
                0x00002ac0                strcpy
 .text.avr-libc
                0x00002ace       0x12 c:/program files (x86)/atmel/atmel toolchain/avr8 gcc/native/3.4.1061/avr8-gnu-toolchain/bin/../lib/gcc/avr/4.8.1/../../../../avr/lib/avr6\libc.a(strlen.o)
                0x00002ace                strlen
                0x00002ae0                . = ALIGN (0x2)
 *(.fini9)
 .fini9         0x00002ae0        0x0 c:/program files (x86)/atmel/atmel toolchain/avr8 gcc/native/3.4.1061/avr8-gnu-toolchain/bin/../lib/gcc/avr/4.8.1/avr6\libgcc.a(_exit.o)
                0x00002ae0                _exit
                0x00002ae0                exit
 *(.fini9)
 *(.fini8)
 *(.fini8)
 *(.fini7)
 *(.fini7)
 *(.fini6)
 *(.fini6)
 *(.fini5)
 *(.fini5)
 *(.fini4)
 *(.fini4)
 *(.fini3)
 *(.fini3)
 *(.fini2)
 *(.fini2)
 *(.fini1)
 *(.fini1)
 *(.fini0)
 .fini0         0x00002ae0        0x4 c:/program files (x86)/atmel/atmel toolchain/avr8 gcc/native/3.4.1061/avr8-gnu-toolchain/bin/../lib/gcc/avr/4.8.1/avr6\libgcc.a(_exit.o)
 *(.fini0)
                0x00002ae4                _etext = .

.data           0x00800200       0x44 load address 0x00002ae4
                0x00800200                PROVIDE (__data_start, .)
 *(.data)
 *(.data*)
 .data._ZL9tone_pins
                0x00800200        0x1 src/Tone.o
 *(.rodata)
 .rodata        0x00800201        0xe src/test/testMain.o
 *(.rodata*)
 .rodata._ZTV14HardwareSerial
                0x0080020f       0x10 src/HardwareSerial.o
                0x0080020f                _ZTV14HardwareSerial
 .rodata._ZTV6Stream
                0x0080021f       0x10 src/HardwareSerial0.o
                0x0080021f                _ZTV6Stream
 .rodata._ZTV9IPAddress
                0x0080022f        0x6 src/IPAddress.o
                0x0080022f                _ZTV9IPAddress
 .rodata._ZTV9Printable
                0x00800235        0x6 src/IPAddress.o
                0x00800235                _ZTV9Printable
 .rodata._ZTV5Print
                0x0080023b        0x8 src/Print.o
                0x0080023b                _ZTV5Print
 *(.gnu.linkonce.d*)
                0x00800244                . = ALIGN (0x2)
 *fill*         0x00800243        0x1 
                0x00800244                _edata = .
                0x00800244                PROVIDE (__data_end, .)

.bss            0x00800244     0x12b1
                0x00800244                PROVIDE (__bss_start, .)
 *(.bss)
 *(.bss*)
 .bss.Serial    0x00800244       0x9d src/HardwareSerial0.o
                0x00800244                Serial
 .bss.Serial1   0x008002e1       0x9d src/HardwareSerial1.o
                0x008002e1                Serial1
 .bss.Serial2   0x0080037e       0x9d src/HardwareSerial2.o
                0x0080037e                Serial2
 .bss.Serial3   0x0080041b       0x9d src/HardwareSerial3.o
                0x0080041b                Serial3
 .bss._ZL11INADDR_NONE
                0x008004b8        0x6 src/IPAddress.o
 .bss.xHeapHasBeenInitialised.1740
                0x008004be        0x1 src/os_core/core/heap.o
 .bss.timer2_toggle_count
                0x008004bf        0x4 src/Tone.o
                0x008004bf                timer2_toggle_count
 .bss.timer2_pin_port
                0x008004c3        0x2 src/Tone.o
                0x008004c3                timer2_pin_port
 .bss.timer2_pin_mask
                0x008004c5        0x1 src/Tone.o
                0x008004c5                timer2_pin_mask
 .bss.intFunc   0x008004c6       0x10 src/WInterrupts.o
 .bss.timer0_overflow_count
                0x008004d6        0x4 src/wiring.o
                0x008004d6                timer0_overflow_count
 .bss.timer0_millis
                0x008004da        0x4 src/wiring.o
                0x008004da                timer0_millis
 .bss.timer0_fract
                0x008004de        0x1 src/wiring.o
 *(COMMON)
 COMMON         0x008004df     0x1004 src/os_core/core/heap.o
                0x008004df                xStart
                0x008004e3                ucHeap
 COMMON         0x008014e3        0x4 src/os_core/core/kernelStart.o
                0x008014e3                xAlarmClockQueue
 COMMON         0x008014e7        0x8 src/os_core/core/osclock.o
                0x008014e7                xCurrentTick
 COMMON         0x008014ef        0x6 src/test/testMain.o
                0x008014ef                x
                0x008014f1                alarm2
                0x008014f3                alarm1
                0x008014f5                PROVIDE (__bss_end, .)
                0x00002ae4                __data_load_start = LOADADDR (.data)
                0x00002b28                __data_load_end = (__data_load_start + SIZEOF (.data))

.noinit         0x008014f5        0x0
                0x008014f5                PROVIDE (__noinit_start, .)
 *(.noinit*)
                0x008014f5                PROVIDE (__noinit_end, .)
                0x008014f5                _end = .
                0x008014f5                PROVIDE (__heap_start, .)

.eeprom         0x00810000        0x0
 *(.eeprom*)
                0x00810000                __eeprom_end = .

.fuse
 *(.fuse)
 *(.lfuse)
 *(.hfuse)
 *(.efuse)

.lock
 *(.lock*)

.signature
 *(.signature*)

.user_signatures
 *(.user_signatures*)

.stab
 *(.stab)

.stabstr
 *(.stabstr)

.stab.excl
 *(.stab.excl)

.stab.exclstr
 *(.stab.exclstr)

.stab.index
 *(.stab.index)

.stab.indexstr
 *(.stab.indexstr)

.comment        0x00000000       0x30
 *(.comment)
 .comment       0x00000000       0x30 src/abi.o
                                 0x31 (size before relaxing)
 .comment       0x00000000       0x31 src/HardwareSerial.o
 .comment       0x00000000       0x31 src/HardwareSerial0.o
 .comment       0x00000000       0x31 src/HardwareSerial1.o
 .comment       0x00000000       0x31 src/HardwareSerial2.o
 .comment       0x00000000       0x31 src/HardwareSerial3.o
 .comment       0x00000000       0x31 src/IPAddress.o
 .comment       0x00000000       0x31 src/main.o
 .comment       0x00000000       0x31 src/os_core/core/alarmClock.o
 .comment       0x00000000       0x31 src/os_core/core/heap.o
 .comment       0x00000000       0x31 src/os_core/core/kernelStart.o
 .comment       0x00000000       0x31 src/os_core/core/osclock.o
 .comment       0x00000000       0x31 src/os_core/cpuPorting/critialLib.o
 .comment       0x00000000       0x31 src/os_core/cpuPorting/timerSetup.o
 .comment       0x00000000       0x31 src/os_core/lib/queue.o
 .comment       0x00000000       0x31 src/Print.o
 .comment       0x00000000       0x31 src/test/testMain.o
 .comment       0x00000000       0x31 src/Tone.o
 .comment       0x00000000       0x31 src/WInterrupts.o
 .comment       0x00000000       0x31 src/wiring.o
 .comment       0x00000000       0x31 src/wiring_digital.o

.note.gnu.build-id
 *(.note.gnu.build-id)

.debug
 *(.debug)

.line
 *(.line)

.debug_srcinfo
 *(.debug_srcinfo)

.debug_sfnames
 *(.debug_sfnames)

.debug_aranges  0x00000000      0x6c0
 *(.debug_aranges)
 .debug_aranges
                0x00000000       0x28 src/abi.o
 .debug_aranges
                0x00000028       0x68 src/HardwareSerial.o
 .debug_aranges
                0x00000090       0x60 src/HardwareSerial0.o
 .debug_aranges
                0x000000f0       0x60 src/HardwareSerial1.o
 .debug_aranges
                0x00000150       0x60 src/HardwareSerial2.o
 .debug_aranges
                0x000001b0       0x60 src/HardwareSerial3.o
 .debug_aranges
                0x00000210       0x70 src/IPAddress.o
 .debug_aranges
                0x00000280       0x30 src/main.o
 .debug_aranges
                0x000002b0       0x50 src/os_core/core/alarmClock.o
 .debug_aranges
                0x00000300       0x38 src/os_core/core/heap.o
 .debug_aranges
                0x00000338       0x28 src/os_core/core/kernelStart.o
 .debug_aranges
                0x00000360       0x38 src/os_core/core/osclock.o
 .debug_aranges
                0x00000398       0x38 src/os_core/cpuPorting/critialLib.o
 .debug_aranges
                0x000003d0       0x28 src/os_core/cpuPorting/timerSetup.o
 .debug_aranges
                0x000003f8       0x68 src/os_core/lib/queue.o
 .debug_aranges
                0x00000460      0x108 src/Print.o
 .debug_aranges
                0x00000568       0x30 src/test/testMain.o
 .debug_aranges
                0x00000598       0x40 src/Tone.o
 .debug_aranges
                0x000005d8       0x68 src/WInterrupts.o
 .debug_aranges
                0x00000640       0x48 src/wiring.o
 .debug_aranges
                0x00000688       0x38 src/wiring_digital.o

.debug_pubnames
 *(.debug_pubnames)

.debug_info     0x00000000     0xc5ac
 *(.debug_info .gnu.linkonce.wi.*)
 .debug_info    0x00000000       0x69 src/abi.o
 .debug_info    0x00000069     0x1a05 src/HardwareSerial.o
 .debug_info    0x00001a6e     0x16c5 src/HardwareSerial0.o
 .debug_info    0x00003133     0x16c5 src/HardwareSerial1.o
 .debug_info    0x000047f8     0x16c5 src/HardwareSerial2.o
 .debug_info    0x00005ebd     0x16c5 src/HardwareSerial3.o
 .debug_info    0x00007582      0x8f6 src/IPAddress.o
 .debug_info    0x00007e78      0x268 src/main.o
 .debug_info    0x000080e0      0x44e src/os_core/core/alarmClock.o
 .debug_info    0x0000852e      0x23b src/os_core/core/heap.o
 .debug_info    0x00008769      0x114 src/os_core/core/kernelStart.o
 .debug_info    0x0000887d      0x1be src/os_core/core/osclock.o
 .debug_info    0x00008a3b      0x100 src/os_core/cpuPorting/critialLib.o
 .debug_info    0x00008b3b      0x112 src/os_core/cpuPorting/timerSetup.o
 .debug_info    0x00008c4d      0x2f3 src/os_core/lib/queue.o
 .debug_info    0x00008f40     0x1e54 src/Print.o
 .debug_info    0x0000ad94      0x22f src/test/testMain.o
 .debug_info    0x0000afc3      0x8e5 src/Tone.o
 .debug_info    0x0000b8a8      0x351 src/WInterrupts.o
 .debug_info    0x0000bbf9      0x355 src/wiring.o
 .debug_info    0x0000bf4e      0x65e src/wiring_digital.o

.debug_abbrev   0x00000000     0x21fa
 *(.debug_abbrev)
 .debug_abbrev  0x00000000       0x42 src/abi.o
 .debug_abbrev  0x00000042      0x2c3 src/HardwareSerial.o
 .debug_abbrev  0x00000305      0x341 src/HardwareSerial0.o
 .debug_abbrev  0x00000646      0x341 src/HardwareSerial1.o
 .debug_abbrev  0x00000987      0x341 src/HardwareSerial2.o
 .debug_abbrev  0x00000cc8      0x341 src/HardwareSerial3.o
 .debug_abbrev  0x00001009      0x28e src/IPAddress.o
 .debug_abbrev  0x00001297       0xc3 src/main.o
 .debug_abbrev  0x0000135a      0x145 src/os_core/core/alarmClock.o
 .debug_abbrev  0x0000149f      0x122 src/os_core/core/heap.o
 .debug_abbrev  0x000015c1       0x9f src/os_core/core/kernelStart.o
 .debug_abbrev  0x00001660      0x10d src/os_core/core/osclock.o
 .debug_abbrev  0x0000176d       0xa3 src/os_core/cpuPorting/critialLib.o
 .debug_abbrev  0x00001810       0xbf src/os_core/cpuPorting/timerSetup.o
 .debug_abbrev  0x000018cf      0x102 src/os_core/lib/queue.o
 .debug_abbrev  0x000019d1      0x29d src/Print.o
 .debug_abbrev  0x00001c6e      0x125 src/test/testMain.o
 .debug_abbrev  0x00001d93      0x176 src/Tone.o
 .debug_abbrev  0x00001f09       0xc8 src/WInterrupts.o
 .debug_abbrev  0x00001fd1       0xed src/wiring.o
 .debug_abbrev  0x000020be      0x13c src/wiring_digital.o

.debug_line     0x00000000     0x3b6f
 *(.debug_line .debug_line.* .debug_line_end)
 .debug_line    0x00000000       0x58 src/abi.o
 .debug_line    0x00000058      0x5cf src/HardwareSerial.o
 .debug_line    0x00000627      0x335 src/HardwareSerial0.o
 .debug_line    0x0000095c      0x335 src/HardwareSerial1.o
 .debug_line    0x00000c91      0x332 src/HardwareSerial2.o
 .debug_line    0x00000fc3      0x332 src/HardwareSerial3.o
 .debug_line    0x000012f5      0x39b src/IPAddress.o
 .debug_line    0x00001690      0x176 src/main.o
 .debug_line    0x00001806      0x323 src/os_core/core/alarmClock.o
 .debug_line    0x00001b29      0x1c8 src/os_core/core/heap.o
 .debug_line    0x00001cf1       0xa3 src/os_core/core/kernelStart.o
 .debug_line    0x00001d94      0x151 src/os_core/core/osclock.o
 .debug_line    0x00001ee5      0x12d src/os_core/cpuPorting/critialLib.o
 .debug_line    0x00002012      0x157 src/os_core/cpuPorting/timerSetup.o
 .debug_line    0x00002169      0x201 src/os_core/lib/queue.o
 .debug_line    0x0000236a      0x7ac src/Print.o
 .debug_line    0x00002b16       0xe5 src/test/testMain.o
 .debug_line    0x00002bfb      0x5e8 src/Tone.o
 .debug_line    0x000031e3      0x376 src/WInterrupts.o
 .debug_line    0x00003559      0x311 src/wiring.o
 .debug_line    0x0000386a      0x305 src/wiring_digital.o

.debug_frame    0x00000000     0x1b54
 *(.debug_frame)
 .debug_frame   0x00000000       0x54 src/abi.o
 .debug_frame   0x00000054      0x154 src/HardwareSerial.o
 .debug_frame   0x000001a8      0x1fc src/HardwareSerial0.o
 .debug_frame   0x000003a4      0x1fc src/HardwareSerial1.o
 .debug_frame   0x000005a0      0x1fc src/HardwareSerial2.o
 .debug_frame   0x0000079c      0x1fc src/HardwareSerial3.o
 .debug_frame   0x00000998      0x184 src/IPAddress.o
 .debug_frame   0x00000b1c       0x74 src/main.o
 .debug_frame   0x00000b90      0x140 src/os_core/core/alarmClock.o
 .debug_frame   0x00000cd0       0x94 src/os_core/core/heap.o
 .debug_frame   0x00000d64       0x54 src/os_core/core/kernelStart.o
 .debug_frame   0x00000db8       0x94 src/os_core/core/osclock.o
 .debug_frame   0x00000e4c       0x94 src/os_core/cpuPorting/critialLib.o
 .debug_frame   0x00000ee0       0x98 src/os_core/cpuPorting/timerSetup.o
 .debug_frame   0x00000f78      0x154 src/os_core/lib/queue.o
 .debug_frame   0x000010cc      0x408 src/Print.o
 .debug_frame   0x000014d4       0x8c src/test/testMain.o
 .debug_frame   0x00001560       0xf8 src/Tone.o
 .debug_frame   0x00001658      0x374 src/WInterrupts.o
 .debug_frame   0x000019cc       0xf4 src/wiring.o
 .debug_frame   0x00001ac0       0x94 src/wiring_digital.o

.debug_str      0x00000000     0x236c
 *(.debug_str)
 .debug_str     0x00000000      0x12e src/abi.o
                                0x144 (size before relaxing)
 .debug_str     0x0000012e      0xf62 src/HardwareSerial.o
                               0x10e5 (size before relaxing)
 .debug_str     0x00001090       0xf5 src/HardwareSerial0.o
                                0xf10 (size before relaxing)
 .debug_str     0x00001185       0x73 src/HardwareSerial1.o
                                0xf11 (size before relaxing)
 .debug_str     0x000011f8       0x73 src/HardwareSerial2.o
                                0xf11 (size before relaxing)
 .debug_str     0x0000126b       0x73 src/HardwareSerial3.o
                                0xf11 (size before relaxing)
 .debug_str     0x000012de      0x231 src/IPAddress.o
                                0x49a (size before relaxing)
 .debug_str     0x0000150f       0x2d src/main.o
                                0x1cf (size before relaxing)
 .debug_str     0x0000153c      0x28a src/os_core/core/alarmClock.o
                                0x344 (size before relaxing)
 .debug_str     0x000017c6      0x120 src/os_core/core/heap.o
                                0x27c (size before relaxing)
 .debug_str     0x000018e6       0x48 src/os_core/core/kernelStart.o
                                0x1e2 (size before relaxing)
 .debug_str     0x0000192e       0xb1 src/os_core/core/osclock.o
                                0x222 (size before relaxing)
 .debug_str     0x000019df       0x73 src/os_core/cpuPorting/critialLib.o
                                0x1d7 (size before relaxing)
 .debug_str     0x00001a52       0x5a src/os_core/cpuPorting/timerSetup.o
                                0x1e9 (size before relaxing)
 .debug_str     0x00001aac       0xf3 src/os_core/lib/queue.o
                                0x27c (size before relaxing)
 .debug_str     0x00001b9f      0x3a1 src/Print.o
                                0xe2a (size before relaxing)
 .debug_str     0x00001f40       0x3d src/test/testMain.o
                                0x23c (size before relaxing)
 .debug_str     0x00001f7d      0x233 src/Tone.o
                                0x40d (size before relaxing)
 .debug_str     0x000021b0       0xc2 src/WInterrupts.o
                                0x21d (size before relaxing)
 .debug_str     0x00002272       0x7a src/wiring.o
                                0x1e7 (size before relaxing)
 .debug_str     0x000022ec       0x80 src/wiring_digital.o
                                0x25b (size before relaxing)

.debug_loc      0x00000000     0x39e1
 *(.debug_loc)
 .debug_loc     0x00000000       0x76 src/abi.o
 .debug_loc     0x00000076      0x2c2 src/HardwareSerial.o
 .debug_loc     0x00000338      0x45b src/HardwareSerial0.o
 .debug_loc     0x00000793      0x45b src/HardwareSerial1.o
 .debug_loc     0x00000bee      0x45b src/HardwareSerial2.o
 .debug_loc     0x00001049      0x45b src/HardwareSerial3.o
 .debug_loc     0x000014a4      0x324 src/IPAddress.o
 .debug_loc     0x000017c8       0xbe src/main.o
 .debug_loc     0x00001886      0x2a9 src/os_core/core/alarmClock.o
 .debug_loc     0x00001b2f      0x11e src/os_core/core/heap.o
 .debug_loc     0x00001c4d       0x76 src/os_core/core/kernelStart.o
 .debug_loc     0x00001cc3      0x104 src/os_core/core/osclock.o
 .debug_loc     0x00001dc7      0x106 src/os_core/cpuPorting/critialLib.o
 .debug_loc     0x00001ecd      0x139 src/os_core/cpuPorting/timerSetup.o
 .debug_loc     0x00002006      0x2d0 src/os_core/lib/queue.o
 .debug_loc     0x000022d6      0x8d8 src/Print.o
 .debug_loc     0x00002bae       0xff src/test/testMain.o
 .debug_loc     0x00002cad      0x20f src/Tone.o
 .debug_loc     0x00002ebc      0x818 src/WInterrupts.o
 .debug_loc     0x000036d4      0x1f0 src/wiring.o
 .debug_loc     0x000038c4      0x11d src/wiring_digital.o

.debug_macinfo
 *(.debug_macinfo)

.debug_weaknames
 *(.debug_weaknames)

.debug_funcnames
 *(.debug_funcnames)

.debug_typenames
 *(.debug_typenames)

.debug_varnames
 *(.debug_varnames)

.debug_pubtypes
 *(.debug_pubtypes)

.debug_ranges   0x00000000      0x570
 *(.debug_ranges)
 .debug_ranges  0x00000000       0x18 src/abi.o
 .debug_ranges  0x00000018       0x58 src/HardwareSerial.o
 .debug_ranges  0x00000070       0x50 src/HardwareSerial0.o
 .debug_ranges  0x000000c0       0x50 src/HardwareSerial1.o
 .debug_ranges  0x00000110       0x50 src/HardwareSerial2.o
 .debug_ranges  0x00000160       0x50 src/HardwareSerial3.o
 .debug_ranges  0x000001b0       0x60 src/IPAddress.o
 .debug_ranges  0x00000210       0x20 src/main.o
 .debug_ranges  0x00000230       0x40 src/os_core/core/alarmClock.o
 .debug_ranges  0x00000270       0x28 src/os_core/core/heap.o
 .debug_ranges  0x00000298       0x18 src/os_core/core/kernelStart.o
 .debug_ranges  0x000002b0       0x28 src/os_core/core/osclock.o
 .debug_ranges  0x000002d8       0x28 src/os_core/cpuPorting/critialLib.o
 .debug_ranges  0x00000300       0x18 src/os_core/cpuPorting/timerSetup.o
 .debug_ranges  0x00000318       0x58 src/os_core/lib/queue.o
 .debug_ranges  0x00000370       0xf8 src/Print.o
 .debug_ranges  0x00000468       0x20 src/test/testMain.o
 .debug_ranges  0x00000488       0x30 src/Tone.o
 .debug_ranges  0x000004b8       0x58 src/WInterrupts.o
 .debug_ranges  0x00000510       0x38 src/wiring.o
 .debug_ranges  0x00000548       0x28 src/wiring_digital.o

.debug_macro
 *(.debug_macro)
OUTPUT(rtos.elf elf32-avr)
LOAD linker stubs
